[
	{
		"mock#1": 1,
		"mock#2": 2,
		"mock#3": 3,
		"mock#4": 4
	}
]